Downloaded range config.json 0 725
Verified config.json 726
Downloaded range generation_config.json 0 238
Verified generation_config.json 239
Downloaded range LICENSE 0 11342
Verified LICENSE 11343
Downloaded range merges.txt 0 1671852
Verified merges.txt 1671853
Downloaded range model-00001-of-00003.safetensors 0 33554431
Downloaded range model-00001-of-00003.safetensors 33554432 67108863
Downloaded range model-00001-of-00003.safetensors 100663296 134217727
Downloaded range model-00001-of-00003.safetensors 67108864 100663295
Downloaded range model-00001-of-00003.safetensors 201326592 234881023
Downloaded range model-00001-of-00003.safetensors 134217728 167772159
Downloaded range model-00001-of-00003.safetensors 167772160 201326591
Downloaded range model-00001-of-00003.safetensors 234881024 268435455
Downloaded range model-00001-of-00003.safetensors 301989888 335544319
Downloaded range model-00001-of-00003.safetensors 335544320 369098751
Downloaded range model-00001-of-00003.safetensors 369098752 402653183
Downloaded range model-00001-of-00003.safetensors 268435456 301989887
Downloaded range model-00001-of-00003.safetensors 436207616 469762047
Downloaded range model-00001-of-00003.safetensors 402653184 436207615
Downloaded range model-00001-of-00003.safetensors 469762048 503316479
Downloaded range model-00001-of-00003.safetensors 503316480 536870911
Downloaded range model-00001-of-00003.safetensors 536870912 570425343
Downloaded range model-00001-of-00003.safetensors 637534208 671088639
Downloaded range model-00001-of-00003.safetensors 570425344 603979775
Downloaded range model-00001-of-00003.safetensors 603979776 637534207
Downloaded range model-00001-of-00003.safetensors 671088640 704643071
Downloaded range model-00001-of-00003.safetensors 704643072 738197503
Downloaded range model-00001-of-00003.safetensors 771751936 805306367
Downloaded range model-00001-of-00003.safetensors 738197504 771751935
